
> setwd("C://R")
> md99=read.csv("md99.csv")
> View(md99)
> md99=md99[-c(184:188),]
> tail(md99)
         Date Average.of..KWH
178 25-Feb-13      0.12142500
179 26-Feb-13      0.12312917
180 27-Feb-13      0.09426875
181 28-Feb-13      0.10954167
182 01-Mar-13      0.08996667
183 02-Mar-13      0.00036875
> plot(md99)
> md99
         Date Average.of..KWH
1   01-Sep-12     0.011314583
2   02-Sep-12     0.052012500
3   03-Sep-12     0.063118750
4   04-Sep-12     0.054256250
5   05-Sep-12     0.046362500
6   06-Sep-12     0.049127083
7   07-Sep-12     0.031110417
8   08-Sep-12     0.007018750
9   09-Sep-12     0.040329167
10  10-Sep-12     0.034818750
11  11-Sep-12     0.039352083
12  12-Sep-12     0.040891667
13  13-Sep-12     0.038641667
14  14-Sep-12     0.028245833
15  15-Sep-12     0.007531250
16  16-Sep-12     0.040022917
17  17-Sep-12     0.040266667
18  18-Sep-12     0.041397917
19  19-Sep-12     0.037993750
20  20-Sep-12     0.036393750
21  21-Sep-12     0.028183333
22  22-Sep-12     0.007412500
23  23-Sep-12     0.039027083
24  24-Sep-12     0.038387500
25  25-Sep-12     0.037375000
26  26-Sep-12     0.009712500
27  27-Sep-12     0.036481250
28  28-Sep-12     0.025785417
29  29-Sep-12     0.011368750
30  30-Sep-12     0.034927083
31  01-Oct-12     0.037100000
32  02-Oct-12     0.041850000
33  03-Oct-12     0.046785417
34  04-Oct-12     0.058920833
35  05-Oct-12     0.042162500
36  06-Oct-12     0.005727083
37  07-Oct-12     0.062866667
38  08-Oct-12     0.046385417
39  09-Oct-12     0.041745833
40  10-Oct-12     0.041833333
41  11-Oct-12     0.043058333
42  12-Oct-12     0.033950000
43  13-Oct-12     0.008754167
44  14-Oct-12     0.038341667
45  15-Oct-12     0.040793750
46  16-Oct-12     0.048327083
47  17-Oct-12     0.044754167
48  18-Oct-12     0.044379167
49  19-Oct-12     0.034831250
50  20-Oct-12     0.007456250
51  21-Oct-12     0.065691667
52  22-Oct-12     0.072952083
53  23-Oct-12     0.078500000
54  24-Oct-12     0.085504167
55  25-Oct-12     0.076272917
56  26-Oct-12     0.050793750
57  27-Oct-12     0.009316667
58  28-Oct-12     0.102025000
59  29-Oct-12     0.103225000
60  30-Oct-12     0.089266667
61  31-Oct-12     0.084164583
62  01-Nov-12     0.064839583
63  02-Nov-12     0.047527083
64  03-Nov-12     0.009264583
65  04-Nov-12     0.086858333
66  05-Nov-12     0.079260417
67  06-Nov-12     0.078493750
68  07-Nov-12     0.014041667
69  08-Nov-12     0.060777083
70  09-Nov-12     0.046908333
71  10-Nov-12     0.009206250
72  11-Nov-12     0.062391667
73  12-Nov-12     0.059368750
74  13-Nov-12     0.080443750
75  14-Nov-12     0.082679167
76  15-Nov-12     0.095268750
77  16-Nov-12     0.079054167
78  17-Nov-12     0.011531250
79  18-Nov-12     0.113356250
80  19-Nov-12     0.102143750
81  20-Nov-12     0.120364583
82  21-Nov-12     0.115114583
83  22-Nov-12     0.015314583
84  23-Nov-12     0.085927083
85  24-Nov-12     0.010133333
86  25-Nov-12     0.136716667
87  26-Nov-12     0.136643750
88  27-Nov-12     0.117393750
89  28-Nov-12     0.130889583
90  29-Nov-12     0.126052083
91  30-Nov-12     0.090210417
92  01-Dec-12     0.011191667
93  02-Dec-12     0.140400000
94  03-Dec-12     0.124577083
95  04-Dec-12     0.147737500
96  05-Dec-12     0.137400000
97  06-Dec-12     0.118829167
98  07-Dec-12     0.110904167
99  08-Dec-12     0.011045833
100 09-Dec-12     0.151291667
101 10-Dec-12     0.140145833
102 11-Dec-12     0.139958333
103 12-Dec-12     0.118491667
104 13-Dec-12     0.133329167
105 14-Dec-12     0.105210417
106 15-Dec-12     0.011110417
107 16-Dec-12     0.149783333
108 17-Dec-12     0.151852083
109 18-Dec-12     0.127320833
110 19-Dec-12     0.123066667
111 20-Dec-12     0.140556250
112 21-Dec-12     0.104029167
113 22-Dec-12     0.012495833
114 23-Dec-12     0.135914583
115 24-Dec-12     0.114781250
116 25-Dec-12     0.128010417
117 26-Dec-12     0.124922917
118 27-Dec-12     0.114208333
119 28-Dec-12     0.107172917
120 29-Dec-12     0.011541667
121 30-Dec-12     0.155543750
122 31-Dec-12     0.022560417
123 01-Jan-13     0.152431250
124 02-Jan-13     0.163541667
125 03-Jan-13     0.140131250
126 04-Jan-13     0.110756250
127 05-Jan-13     0.014029167
128 06-Jan-13     0.153445833
129 07-Jan-13     0.143797917
130 08-Jan-13     0.158066667
131 09-Jan-13     0.137091667
132 10-Jan-13     0.149237500
133 11-Jan-13     0.099263830
134 12-Jan-13     0.014773469
135 13-Jan-13     0.150052083
136 14-Jan-13     0.145081250
137 15-Jan-13     0.146643750
138 16-Jan-13     0.154191667
139 17-Jan-13     0.137456250
140 18-Jan-13     0.095797917
141 19-Jan-13     0.018941667
142 20-Jan-13     0.157558333
143 21-Jan-13     0.143027083
144 22-Jan-13     0.142225000
145 23-Jan-13     0.146479167
146 24-Jan-13     0.131556250
147 25-Jan-13     0.112283333
148 26-Jan-13     0.012314583
149 27-Jan-13     0.155114583
150 28-Jan-13     0.144491667
151 29-Jan-13     0.146533333
152 30-Jan-13     0.123072917
153 31-Jan-13     0.144800000
154 01-Feb-13     0.108606250
155 02-Feb-13     0.013995833
156 03-Feb-13     0.148535417
157 04-Feb-13     0.144670833
158 05-Feb-13     0.110195833
159 06-Feb-13     0.113383333
160 07-Feb-13     0.019733333
161 08-Feb-13     0.088033333
162 09-Feb-13     0.014837500
163 10-Feb-13     0.125458333
164 11-Feb-13     0.129608333
165 12-Feb-13     0.134543750
166 13-Feb-13     0.137464583
167 14-Feb-13     0.138610417
168 15-Feb-13     0.104675000
169 16-Feb-13     0.013014583
170 17-Feb-13     0.131147917
171 18-Feb-13     0.122050000
172 19-Feb-13     0.126002083
173 20-Feb-13     0.133437500
174 21-Feb-13     0.132170833
175 22-Feb-13     0.118370833
176 23-Feb-13     0.010700000
177 24-Feb-13     0.131266667
178 25-Feb-13     0.121425000
179 26-Feb-13     0.123129167
180 27-Feb-13     0.094268750
181 28-Feb-13     0.109541667
182 01-Mar-13     0.089966667
183 02-Mar-13     0.000368750
> md999=md99[,-c(1)]
> View(md999)
> md99=ts(md99,start=2012,frequency=7)
> md99
Time Series:
Start = c(2012, 1) 
End = c(2038, 1) 
Frequency = 7 
         Date Average.of..KWH
2012.000    8     0.011314583
2012.143   15     0.052012500
2012.286   21     0.063118750
2012.429   27     0.054256250
2012.571   33     0.046362500
2012.714   39     0.049127083
2012.857   45     0.031110417
2013.000   51     0.007018750
2013.143   57     0.040329167
2013.286   63     0.034818750
2013.429   69     0.039352083
2013.571   75     0.040891667
2013.714   81     0.038641667
2013.857   87     0.028245833
2014.000   93     0.007531250
2014.143   99     0.040022917
2014.286  105     0.040266667
2014.429  111     0.041397917
2014.571  117     0.037993750
2014.714  123     0.036393750
2014.857  129     0.028183333
2015.000  135     0.007412500
2015.143  141     0.039027083
2015.286  147     0.038387500
2015.429  153     0.037375000
2015.571  159     0.009712500
2015.714  165     0.036481250
2015.857  171     0.025785417
2016.000  176     0.011368750
2016.143  181     0.034927083
2016.286    7     0.037100000
2016.429   14     0.041850000
2016.571   20     0.046785417
2016.714   26     0.058920833
2016.857   32     0.042162500
2017.000   38     0.005727083
2017.143   44     0.062866667
2017.286   50     0.046385417
2017.429   56     0.041745833
2017.571   62     0.041833333
2017.714   68     0.043058333
2017.857   74     0.033950000
2018.000   80     0.008754167
2018.143   86     0.038341667
2018.286   92     0.040793750
2018.429   98     0.048327083
2018.571  104     0.044754167
2018.714  110     0.044379167
2018.857  116     0.034831250
2019.000  122     0.007456250
2019.143  128     0.065691667
2019.286  134     0.072952083
2019.429  140     0.078500000
2019.571  146     0.085504167
2019.714  152     0.076272917
2019.857  158     0.050793750
2020.000  164     0.009316667
2020.143  170     0.102025000
2020.286  175     0.103225000
2020.429  180     0.089266667
2020.571  184     0.084164583
2020.714    6     0.064839583
2020.857   13     0.047527083
2021.000   19     0.009264583
2021.143   25     0.086858333
2021.286   31     0.079260417
2021.429   37     0.078493750
2021.571   43     0.014041667
2021.714   49     0.060777083
2021.857   55     0.046908333
2022.000   61     0.009206250
2022.143   67     0.062391667
2022.286   73     0.059368750
2022.429   79     0.080443750
2022.571   85     0.082679167
2022.714   91     0.095268750
2022.857   97     0.079054167
2023.000  103     0.011531250
2023.143  109     0.113356250
2023.286  115     0.102143750
2023.429  121     0.120364583
2023.571  127     0.115114583
2023.714  133     0.015314583
2023.857  139     0.085927083
2024.000  145     0.010133333
2024.143  151     0.136716667
2024.286  157     0.136643750
2024.429  163     0.117393750
2024.571  169     0.130889583
2024.714  174     0.126052083
2024.857  179     0.090210417
2025.000    2     0.011191667
2025.143    9     0.140400000
2025.286   16     0.124577083
2025.429   22     0.147737500
2025.571   28     0.137400000
2025.714   34     0.118829167
2025.857   40     0.110904167
2026.000   46     0.011045833
2026.143   52     0.151291667
2026.286   58     0.140145833
2026.429   64     0.139958333
2026.571   70     0.118491667
2026.714   76     0.133329167
2026.857   82     0.105210417
2027.000   88     0.011110417
2027.143   94     0.149783333
2027.286  100     0.151852083
2027.429  106     0.127320833
2027.571  112     0.123066667
2027.714  118     0.140556250
2027.857  124     0.104029167
2028.000  130     0.012495833
2028.143  136     0.135914583
2028.286  142     0.114781250
2028.429  148     0.128010417
2028.571  154     0.124922917
2028.714  160     0.114208333
2028.857  166     0.107172917
2029.000  172     0.011541667
2029.143  177     0.155543750
2029.286  182     0.022560417
2029.429    4     0.152431250
2029.571   11     0.163541667
2029.714   18     0.140131250
2029.857   24     0.110756250
2030.000   30     0.014029167
2030.143   36     0.153445833
2030.286   42     0.143797917
2030.429   48     0.158066667
2030.571   54     0.137091667
2030.714   60     0.149237500
2030.857   66     0.099263830
2031.000   72     0.014773469
2031.143   78     0.150052083
2031.286   84     0.145081250
2031.429   90     0.146643750
2031.571   96     0.154191667
2031.714  102     0.137456250
2031.857  108     0.095797917
2032.000  114     0.018941667
2032.143  120     0.157558333
2032.286  126     0.143027083
2032.429  132     0.142225000
2032.571  138     0.146479167
2032.714  144     0.131556250
2032.857  150     0.112283333
2033.000  156     0.012314583
2033.143  162     0.155114583
2033.286  168     0.144491667
2033.429  173     0.146533333
2033.571  178     0.123072917
2033.714  183     0.144800000
2033.857    3     0.108606250
2034.000   10     0.013995833
2034.143   17     0.148535417
2034.286   23     0.144670833
2034.429   29     0.110195833
2034.571   35     0.113383333
2034.714   41     0.019733333
2034.857   47     0.088033333
2035.000   53     0.014837500
2035.143   59     0.125458333
2035.286   65     0.129608333
2035.429   71     0.134543750
2035.571   77     0.137464583
2035.714   83     0.138610417
2035.857   89     0.104675000
2036.000   95     0.013014583
2036.143  101     0.131147917
2036.286  107     0.122050000
2036.429  113     0.126002083
2036.571  119     0.133437500
2036.714  125     0.132170833
2036.857  131     0.118370833
2037.000  137     0.010700000
2037.143  143     0.131266667
2037.286  149     0.121425000
2037.429  155     0.123129167
2037.571  161     0.094268750
2037.714  167     0.109541667
2037.857    5     0.089966667
2038.000   12     0.000368750
> View(md99)
> plot(md99)
> md999=md99[,-c(1)]
> View(md999)
> md999
Time Series:
Start = c(2012, 1) 
End = c(2038, 1) 
Frequency = 7 
  [1] 0.011314583 0.052012500 0.063118750 0.054256250 0.046362500 0.049127083
  [7] 0.031110417 0.007018750 0.040329167 0.034818750 0.039352083 0.040891667
 [13] 0.038641667 0.028245833 0.007531250 0.040022917 0.040266667 0.041397917
 [19] 0.037993750 0.036393750 0.028183333 0.007412500 0.039027083 0.038387500
 [25] 0.037375000 0.009712500 0.036481250 0.025785417 0.011368750 0.034927083
 [31] 0.037100000 0.041850000 0.046785417 0.058920833 0.042162500 0.005727083
 [37] 0.062866667 0.046385417 0.041745833 0.041833333 0.043058333 0.033950000
 [43] 0.008754167 0.038341667 0.040793750 0.048327083 0.044754167 0.044379167
 [49] 0.034831250 0.007456250 0.065691667 0.072952083 0.078500000 0.085504167
 [55] 0.076272917 0.050793750 0.009316667 0.102025000 0.103225000 0.089266667
 [61] 0.084164583 0.064839583 0.047527083 0.009264583 0.086858333 0.079260417
 [67] 0.078493750 0.014041667 0.060777083 0.046908333 0.009206250 0.062391667
 [73] 0.059368750 0.080443750 0.082679167 0.095268750 0.079054167 0.011531250
 [79] 0.113356250 0.102143750 0.120364583 0.115114583 0.015314583 0.085927083
 [85] 0.010133333 0.136716667 0.136643750 0.117393750 0.130889583 0.126052083
 [91] 0.090210417 0.011191667 0.140400000 0.124577083 0.147737500 0.137400000
 [97] 0.118829167 0.110904167 0.011045833 0.151291667 0.140145833 0.139958333
[103] 0.118491667 0.133329167 0.105210417 0.011110417 0.149783333 0.151852083
[109] 0.127320833 0.123066667 0.140556250 0.104029167 0.012495833 0.135914583
[115] 0.114781250 0.128010417 0.124922917 0.114208333 0.107172917 0.011541667
[121] 0.155543750 0.022560417 0.152431250 0.163541667 0.140131250 0.110756250
[127] 0.014029167 0.153445833 0.143797917 0.158066667 0.137091667 0.149237500
[133] 0.099263830 0.014773469 0.150052083 0.145081250 0.146643750 0.154191667
[139] 0.137456250 0.095797917 0.018941667 0.157558333 0.143027083 0.142225000
[145] 0.146479167 0.131556250 0.112283333 0.012314583 0.155114583 0.144491667
[151] 0.146533333 0.123072917 0.144800000 0.108606250 0.013995833 0.148535417
[157] 0.144670833 0.110195833 0.113383333 0.019733333 0.088033333 0.014837500
[163] 0.125458333 0.129608333 0.134543750 0.137464583 0.138610417 0.104675000
[169] 0.013014583 0.131147917 0.122050000 0.126002083 0.133437500 0.132170833
[175] 0.118370833 0.010700000 0.131266667 0.121425000 0.123129167 0.094268750
[181] 0.109541667 0.089966667 0.000368750
> plot(md999)
> acf(md999)
> pacf(md999)
> plot(diff(md999))
> plot(diff(diff(md999)))
> plot(diff(diff(diff(md999))))
> library(forecast)
Loading required package: zoo

Attaching package: ‘zoo’

The following objects are masked from ‘package:base’:

    as.Date, as.Date.numeric

Loading required package: timeDate
This is forecast 7.2 

> ARIMAfit=auto.arima(md999)
> summary(ARIMAfit)
Series: md999 
ARIMA(1,0,1)(0,1,1)[7]                    

Coefficients:
         ar1      ma1     sma1
      0.9514  -0.7469  -0.6967
s.e.  0.0380   0.0832   0.0566

sigma^2 estimated as 0.0004802:  log likelihood=422.13
AIC=-836.27   AICc=-836.03   BIC=-823.58

Training set error measures:
                      ME       RMSE        MAE      MPE     MAPE      MASE
Training set 0.001281964 0.02130545 0.01383757 -22.8669 40.84104 0.8832071
                   ACF1
Training set 0.03850624
> md999.pred=predict(ARIMAfit,n.ahead=7)
> md999.pred
$pred
Time Series:
Start = c(2038, 2) 
End = c(2039, 1) 
Frequency = 7 
[1] 0.126693040 0.117977141 0.119730745 0.111960807 0.107312149 0.093574316
[7] 0.001594138

$se
Time Series:
Start = c(2038, 2) 
End = c(2039, 1) 
Frequency = 7 
[1] 0.02191256 0.02236587 0.02276841 0.02312671 0.02344631 0.02373188 0.02398742

> ts.plot(md999,pred$md999.pred)
Error in ts.plot(md999, pred$md999.pred) : object 'pred' not found
> ts.plot(md999,md999.pred$md999.pred)